#-----------------------------------------------------------
# Vivado v2019.1 (64-bit)
# SW Build 2552052 on Fri May 24 14:49:42 MDT 2019
# IP Build 2548770 on Fri May 24 18:01:18 MDT 2019
# Start of session at: Mon May 30 17:32:54 2022
# Process ID: 20216
# Current directory: C:/Users/bradl/AppData/Roaming/Xilinx/Vivado
# Command line: vivado.exe -gui_launcher_event rodinguilauncherevent17740
# Log file: C:/Users/bradl/AppData/Roaming/Xilinx/Vivado/vivado.log
# Journal file: C:/Users/bradl/AppData/Roaming/Xilinx/Vivado\vivado.jou
#-----------------------------------------------------------
start_gui
open_project C:/Users/bradl/Dropbox/Documents/CSE_100/Lab7/Lab7/Lab7.xpr
Scanning sources...
Finished scanning sources
INFO: [IP_Flow 19-234] Refreshing IP repositories
INFO: [IP_Flow 19-1704] No user IP repositories specified
INFO: [IP_Flow 19-2313] Loaded Vivado IP repository 'C:/Xilinx/Vivado/2019.1/data/ip'.
update_compile_order -fileset sources_1
launch_simulation
boost::filesystem::remove: The process cannot access the file because it is being used by another process: "C:/Users/bradl/Dropbox/Documents/CSE_100/Lab7/Lab7/Lab7.sim/sim_1/behav/xsim/simulate.log"
launch_simulation
INFO: [Vivado 12-5682] Launching behavioral simulation in 'C:/Users/bradl/Dropbox/Documents/CSE_100/Lab7/Lab7/Lab7.sim/sim_1/behav/xsim'
INFO: [SIM-utils-51] Simulation object is 'sim_1'
INFO: [SIM-utils-54] Inspecting design source files for 'mySim' in fileset 'sim_1'...
INFO: [USF-XSim-97] Finding global include files...
INFO: [USF-XSim-98] Fetching design files from 'sim_1'...
INFO: [USF-XSim-2] XSim::Compile design
INFO: [USF-XSim-61] Executing 'COMPILE and ANALYZE' step in 'C:/Users/bradl/Dropbox/Documents/CSE_100/Lab7/Lab7/Lab7.sim/sim_1/behav/xsim'
"xvlog --incr --relax -prj mySim_vlog.prj"
INFO: [USF-XSim-69] 'compile' step finished in '1' seconds
INFO: [USF-XSim-3] XSim::Elaborate design
INFO: [USF-XSim-61] Executing 'ELABORATE' step in 'C:/Users/bradl/Dropbox/Documents/CSE_100/Lab7/Lab7/Lab7.sim/sim_1/behav/xsim'
"xelab -wto 2abb36ec5a22465bacb87c528cee3751 --incr --debug typical --relax --mt 2 -L xil_defaultlib -L unisims_ver -L unimacro_ver -L secureip --snapshot mySim_behav xil_defaultlib.mySim xil_defaultlib.glbl -log elaborate.log"
Vivado Simulator 2019.1
Copyright 1986-1999, 2001-2019 Xilinx, Inc. All Rights Reserved.
Running: C:/Xilinx/Vivado/2019.1/bin/unwrapped/win64.o/xelab.exe -wto 2abb36ec5a22465bacb87c528cee3751 --incr --debug typical --relax --mt 2 -L xil_defaultlib -L unisims_ver -L unimacro_ver -L secureip --snapshot mySim_behav xil_defaultlib.mySim xil_defaultlib.glbl -log elaborate.log 
Using 2 slave threads.
Starting static elaboration
WARNING: [VRFC 10-3091] actual bit length 8 differs from formal bit length 7 for port 'seg' [C:/Users/bradl/Dropbox/Documents/CSE_100/Lab7/Lab7/Lab7.srcs/sim_1/new/mySim.v:33]
WARNING: [VRFC 10-3283] element index 7 into 'seg' is out of bounds [C:/Users/bradl/Dropbox/Documents/CSE_100/Lab7/Lab7/Lab7.srcs/sim_1/new/mySim.v:33]
Completed static elaboration
INFO: [XSIM 43-4323] No Change in HDL. Linking previously generated obj files to create kernel
INFO: [USF-XSim-69] 'elaborate' step finished in '2' seconds
INFO: [USF-XSim-4] XSim::Simulate design
INFO: [USF-XSim-61] Executing 'SIMULATE' step in 'C:/Users/bradl/Dropbox/Documents/CSE_100/Lab7/Lab7/Lab7.sim/sim_1/behav/xsim'
INFO: [USF-XSim-98] *** Running xsim
   with args "mySim_behav -key {Behavioral:sim_1:Functional:mySim} -tclbatch {mySim.tcl} -log {simulate.log}"
INFO: [USF-XSim-8] Loading simulator feature
Vivado Simulator 2019.1
Time resolution is 1 ps
source mySim.tcl
# set curr_wave [current_wave_config]
# if { [string length $curr_wave] == 0 } {
#   if { [llength [get_objects]] > 0} {
#     add_wave /
#     set_property needs_save false [current_wave_config]
#   } else {
#      send_msg_id Add_Wave-1 WARNING "No top level signals found. Simulator will start without a wave window. If you want to open a wave window go to 'File->New Waveform Configuration' or type 'create_wave_config' in the TCL console."
#   }
# }
# run 1000ns
INFO: [USF-XSim-96] XSim completed. Design snapshot 'mySim_behav' loaded.
INFO: [USF-XSim-97] XSim simulation ran for 1000ns
launch_simulation: Time (s): cpu = 00:00:10 ; elapsed = 00:00:08 . Memory (MB): peak = 837.418 ; gain = 17.324
current_wave_config {Untitled 1}
Untitled 1
add_wave {{/mySim/UUT/plant0/int1}} 
current_wave_config {Untitled 1}
Untitled 1
add_wave {{/mySim/UUT/plant0/int2}} 
current_wave_config {Untitled 1}
Untitled 1
add_wave {{/mySim/UUT/green}} 
current_wave_config {Untitled 1}
Untitled 1
add_wave {{/mySim/UUT/x}} 
current_wave_config {Untitled 1}
Untitled 1
add_wave {{/mySim/UUT/y}} 
restart
INFO: [Simtcl 6-17] Simulation restarted
run 17 ms
run: Time (s): cpu = 00:00:10 ; elapsed = 00:01:03 . Memory (MB): peak = 837.418 ; gain = 0.000
current_wave_config {Untitled 1}
Untitled 1
add_wave {{/mySim/UUT/plant0/plant}} 
restart
INFO: [Simtcl 6-17] Simulation restarted
run 17 ms
run: Time (s): cpu = 00:00:13 ; elapsed = 00:01:26 . Memory (MB): peak = 837.418 ; gain = 0.000
restart
INFO: [Simtcl 6-17] Simulation restarted
relaunch_sim
INFO: [Vivado 12-5682] Launching behavioral simulation in 'C:/Users/bradl/Dropbox/Documents/CSE_100/Lab7/Lab7/Lab7.sim/sim_1/behav/xsim'
INFO: [SIM-utils-51] Simulation object is 'sim_1'
INFO: [SIM-utils-54] Inspecting design source files for 'mySim' in fileset 'sim_1'...
INFO: [USF-XSim-97] Finding global include files...
INFO: [USF-XSim-98] Fetching design files from 'sim_1'...
INFO: [USF-XSim-2] XSim::Compile design
INFO: [USF-XSim-61] Executing 'COMPILE and ANALYZE' step in 'C:/Users/bradl/Dropbox/Documents/CSE_100/Lab7/Lab7/Lab7.sim/sim_1/behav/xsim'
"xvlog --incr --relax -prj mySim_vlog.prj"
INFO: [VRFC 10-2263] Analyzing Verilog file "C:/Users/bradl/Dropbox/Documents/CSE_100/Lab7/Lab7/Lab7.srcs/sources_1/new/LFSR.v" into library xil_defaultlib
INFO: [VRFC 10-311] analyzing module LFSR
INFO: [VRFC 10-2263] Analyzing Verilog file "C:/Users/bradl/Dropbox/Documents/CSE_100/Lab7/Lab7/Lab7.srcs/sources_1/new/QSEC.v" into library xil_defaultlib
INFO: [VRFC 10-311] analyzing module QSEC
INFO: [VRFC 10-2263] Analyzing Verilog file "C:/Users/bradl/Dropbox/Documents/CSE_100/Lab7/Lab7/Lab7.srcs/sources_1/new/Timer.v" into library xil_defaultlib
INFO: [VRFC 10-311] analyzing module Timer
INFO: [VRFC 10-2263] Analyzing Verilog file "C:/Users/bradl/Dropbox/Documents/CSE_100/Lab7/Lab7/Lab7.srcs/sources_1/new/colorSelector.v" into library xil_defaultlib
INFO: [VRFC 10-311] analyzing module colorSelector
INFO: [VRFC 10-2263] Analyzing Verilog file "C:/Users/bradl/Dropbox/Documents/CSE_100/Lab7/Lab7/Lab7.srcs/sources_1/new/coordinateGenerator.v" into library xil_defaultlib
INFO: [VRFC 10-311] analyzing module coordinateGenerator
INFO: [VRFC 10-2263] Analyzing Verilog file "C:/Users/bradl/Dropbox/Documents/CSE_100/Lab7/Lab7/Lab7.srcs/sources_1/new/countUD2L.v" into library xil_defaultlib
INFO: [VRFC 10-311] analyzing module countUD2L
INFO: [VRFC 10-2263] Analyzing Verilog file "C:/Users/bradl/Dropbox/Documents/CSE_100/Lab7/Lab7/Lab7.srcs/sources_1/new/countUD4L.v" into library xil_defaultlib
INFO: [VRFC 10-311] analyzing module countUD4L
INFO: [VRFC 10-2263] Analyzing Verilog file "C:/Users/bradl/Dropbox/Documents/CSE_100/Lab7/Lab7/Lab7.srcs/sources_1/new/fourBitCounter.v" into library xil_defaultlib
INFO: [VRFC 10-311] analyzing module fourBitCounter
INFO: [VRFC 10-2263] Analyzing Verilog file "C:/Users/bradl/Dropbox/Documents/CSE_100/Lab7/Lab7/Lab7.srcs/sources_1/new/frog.v" into library xil_defaultlib
INFO: [VRFC 10-311] analyzing module frog
INFO: [VRFC 10-2263] Analyzing Verilog file "C:/Users/bradl/Dropbox/Documents/CSE_100/Lab7/Lab7/Lab7.srcs/sources_1/new/frogCounter.v" into library xil_defaultlib
INFO: [VRFC 10-311] analyzing module frogCounter
INFO: [VRFC 10-2263] Analyzing Verilog file "C:/Users/bradl/Dropbox/Documents/CSE_100/Lab7/Lab7/Lab7.srcs/sources_1/new/frogJump.v" into library xil_defaultlib
INFO: [VRFC 10-311] analyzing module frogJump
INFO: [VRFC 10-2263] Analyzing Verilog file "C:/Users/bradl/Dropbox/Documents/CSE_100/Lab7/Lab7/Lab7.srcs/sources_1/new/hex7seg.v" into library xil_defaultlib
INFO: [VRFC 10-311] analyzing module hex7seg
INFO: [VRFC 10-2263] Analyzing Verilog file "C:/Users/bradl/Dropbox/Documents/CSE_100/Lab7/Lab7/Lab7.srcs/sources_1/new/lab7_clks.v" into library xil_defaultlib
INFO: [VRFC 10-311] analyzing module lab7_clks
INFO: [VRFC 10-311] analyzing module clk_wiz_0
INFO: [VRFC 10-311] analyzing module clkcntrl4
INFO: [VRFC 10-311] analyzing module FTCE_MXILINX_clkcntrl4
INFO: [VRFC 10-311] analyzing module CB4CE_MXILINX_clkcntrl4
INFO: [VRFC 10-2263] Analyzing Verilog file "C:/Users/bradl/Dropbox/Documents/CSE_100/Lab7/Lab7/Lab7.srcs/sources_1/new/m8_1.v" into library xil_defaultlib
INFO: [VRFC 10-311] analyzing module m8_1
INFO: [VRFC 10-2263] Analyzing Verilog file "C:/Users/bradl/Dropbox/Documents/CSE_100/Lab7/Lab7/Lab7.srcs/sources_1/new/plantCounter.v" into library xil_defaultlib
INFO: [VRFC 10-311] analyzing module plantCounter
INFO: [VRFC 10-2263] Analyzing Verilog file "C:/Users/bradl/Dropbox/Documents/CSE_100/Lab7/Lab7/Lab7.srcs/sources_1/new/plantRandomizer.v" into library xil_defaultlib
INFO: [VRFC 10-311] analyzing module plantRandomizer
INFO: [VRFC 10-2263] Analyzing Verilog file "C:/Users/bradl/Dropbox/Documents/CSE_100/Lab7/Lab7/Lab7.srcs/sources_1/new/plants.v" into library xil_defaultlib
INFO: [VRFC 10-311] analyzing module plants
INFO: [VRFC 10-2263] Analyzing Verilog file "C:/Users/bradl/Dropbox/Documents/CSE_100/Lab7/Lab7/Lab7.srcs/sources_1/new/ringCounter.v" into library xil_defaultlib
INFO: [VRFC 10-311] analyzing module ringCounter
INFO: [VRFC 10-2263] Analyzing Verilog file "C:/Users/bradl/Dropbox/Documents/CSE_100/Lab7/Lab7/Lab7.srcs/sources_1/new/selector.v" into library xil_defaultlib
INFO: [VRFC 10-311] analyzing module selector
INFO: [VRFC 10-2263] Analyzing Verilog file "C:/Users/bradl/Dropbox/Documents/CSE_100/Lab7/Lab7/Lab7.srcs/sources_1/new/stateMachine.v" into library xil_defaultlib
INFO: [VRFC 10-311] analyzing module stateMachine
INFO: [VRFC 10-2263] Analyzing Verilog file "C:/Users/bradl/Dropbox/Documents/CSE_100/Lab7/Lab7/Lab7.srcs/sources_1/new/timerCounter.v" into library xil_defaultlib
INFO: [VRFC 10-311] analyzing module scoreCounter
INFO: [VRFC 10-2263] Analyzing Verilog file "C:/Users/bradl/Dropbox/Documents/CSE_100/Lab7/Lab7/Lab7.srcs/sources_1/new/topLevel.v" into library xil_defaultlib
INFO: [VRFC 10-311] analyzing module topLevel
INFO: [VRFC 10-2263] Analyzing Verilog file "C:/Users/bradl/Dropbox/Documents/CSE_100/Lab7/Lab7/Lab7.srcs/sources_1/new/water.v" into library xil_defaultlib
INFO: [VRFC 10-311] analyzing module water
INFO: [VRFC 10-2263] Analyzing Verilog file "C:/Users/bradl/Dropbox/Documents/CSE_100/Lab7/Lab7/Lab7.srcs/sim_1/new/mySim.v" into library xil_defaultlib
INFO: [VRFC 10-311] analyzing module mySim
INFO: [USF-XSim-69] 'compile' step finished in '3' seconds
INFO: [Vivado 12-5682] Launching behavioral simulation in 'C:/Users/bradl/Dropbox/Documents/CSE_100/Lab7/Lab7/Lab7.sim/sim_1/behav/xsim'
INFO: [USF-XSim-3] XSim::Elaborate design
INFO: [USF-XSim-61] Executing 'ELABORATE' step in 'C:/Users/bradl/Dropbox/Documents/CSE_100/Lab7/Lab7/Lab7.sim/sim_1/behav/xsim'
"xelab -wto 2abb36ec5a22465bacb87c528cee3751 --incr --debug typical --relax --mt 2 -L xil_defaultlib -L unisims_ver -L unimacro_ver -L secureip --snapshot mySim_behav xil_defaultlib.mySim xil_defaultlib.glbl -log elaborate.log"
Vivado Simulator 2019.1
Copyright 1986-1999, 2001-2019 Xilinx, Inc. All Rights Reserved.
Running: C:/Xilinx/Vivado/2019.1/bin/unwrapped/win64.o/xelab.exe -wto 2abb36ec5a22465bacb87c528cee3751 --incr --debug typical --relax --mt 2 -L xil_defaultlib -L unisims_ver -L unimacro_ver -L secureip --snapshot mySim_behav xil_defaultlib.mySim xil_defaultlib.glbl -log elaborate.log 
Using 2 slave threads.
Starting static elaboration
WARNING: [VRFC 10-3091] actual bit length 8 differs from formal bit length 7 for port 'seg' [C:/Users/bradl/Dropbox/Documents/CSE_100/Lab7/Lab7/Lab7.srcs/sim_1/new/mySim.v:33]
WARNING: [VRFC 10-3283] element index 7 into 'seg' is out of bounds [C:/Users/bradl/Dropbox/Documents/CSE_100/Lab7/Lab7/Lab7.srcs/sim_1/new/mySim.v:33]
Completed static elaboration
Starting simulation data flow analysis
Completed simulation data flow analysis
Time Resolution for simulation is 1ps
Compiling module unisims_ver.FDRE_default
Compiling module xil_defaultlib.fourBitCounter
Compiling module xil_defaultlib.QSEC
Compiling module unisims_ver.IBUF
Compiling module unisims_ver.MMCME2_ADV(CLKFBOUT_MULT_F=9.125...
Compiling module unisims_ver.BUFG
Compiling module xil_defaultlib.clk_wiz_0
Compiling module unisims_ver.x_lut2_mux4
Compiling module unisims_ver.LUT2
Compiling module unisims_ver.XOR2
Compiling module unisims_ver.FDCE_default
Compiling module xil_defaultlib.FTCE_MXILINX_clkcntrl4
Compiling module unisims_ver.LUT4
Compiling module unisims_ver.AND4
Compiling module unisims_ver.x_lut3_mux8
Compiling module unisims_ver.LUT3
Compiling module unisims_ver.AND3
Compiling module unisims_ver.AND2
Compiling module unisims_ver.VCC
Compiling module xil_defaultlib.CB4CE_MXILINX_clkcntrl4
Compiling module unisims_ver.BUF
Compiling module xil_defaultlib.clkcntrl4
Compiling module unisims_ver.STARTUPE2
Compiling module xil_defaultlib.lab7_clks
Compiling module xil_defaultlib.countUD2L
Compiling module xil_defaultlib.coordinateGenerator
Compiling module unisims_ver.FDRE(INIT=1'b1)
Compiling module xil_defaultlib.LFSR
Compiling module xil_defaultlib.plantRandomizer
Compiling module xil_defaultlib.plantCounter
Compiling module xil_defaultlib.plants
Compiling module xil_defaultlib.water
Compiling module xil_defaultlib.countUD4L
Compiling module xil_defaultlib.frogCounter
Compiling module xil_defaultlib.frogJump
Compiling module xil_defaultlib.frog
Compiling module xil_defaultlib.colorSelector
Compiling module xil_defaultlib.stateMachine
Compiling module xil_defaultlib.Timer
Compiling module xil_defaultlib.scoreCounter
Compiling module xil_defaultlib.m8_1
Compiling module xil_defaultlib.hex7seg
Compiling module xil_defaultlib.ringCounter
Compiling module xil_defaultlib.selector
Compiling module xil_defaultlib.topLevel
Compiling module xil_defaultlib.mySim
Compiling module xil_defaultlib.glbl
Built simulation snapshot mySim_behav
INFO: [USF-XSim-69] 'elaborate' step finished in '4' seconds
Vivado Simulator 2019.1
Time resolution is 1 ps
relaunch_sim: Time (s): cpu = 00:00:02 ; elapsed = 00:00:11 . Memory (MB): peak = 837.418 ; gain = 0.000
restart
INFO: [Simtcl 6-17] Simulation restarted
run 17 ms
run: Time (s): cpu = 00:00:19 ; elapsed = 00:02:02 . Memory (MB): peak = 837.418 ; gain = 0.000
reset_run synth_1
WARNING: [Vivado 12-1017] Problems encountered:
1. Failed to delete one or more files in run directory C:/Users/bradl/Dropbox/Documents/CSE_100/Lab7/Lab7/Lab7.runs/synth_1

launch_runs synth_1 -jobs 6
[Mon May 30 17:40:58 2022] Launched synth_1...
Run output will be captured here: C:/Users/bradl/Dropbox/Documents/CSE_100/Lab7/Lab7/Lab7.runs/synth_1/runme.log
launch_runs impl_1 -jobs 6
[Mon May 30 17:42:19 2022] Launched impl_1...
Run output will be captured here: C:/Users/bradl/Dropbox/Documents/CSE_100/Lab7/Lab7/Lab7.runs/impl_1/runme.log
launch_runs impl_1 -to_step write_bitstream -jobs 6
[Mon May 30 17:43:25 2022] Launched impl_1...
Run output will be captured here: C:/Users/bradl/Dropbox/Documents/CSE_100/Lab7/Lab7/Lab7.runs/impl_1/runme.log
open_hw
connect_hw_server
INFO: [Labtools 27-2285] Connecting to hw_server url TCP:localhost:3121
INFO: [Labtools 27-2222] Launching hw_server...
INFO: [Labtools 27-2221] Launch Output:

****** Xilinx hw_server v2019.1
  **** Build date : May 24 2019 at 15:13:31
    ** Copyright 1986-2019 Xilinx, Inc. All Rights Reserved.


open_hw_target
INFO: [Labtoolstcl 44-466] Opening hw_target localhost:3121/xilinx_tcf/Digilent/210183ACAA86A
set_property PROGRAM.FILE {C:/Users/bradl/Dropbox/Documents/CSE_100/Lab7/Lab7/Lab7.runs/impl_1/topLevel.bit} [get_hw_devices xc7a35t_0]
current_hw_device [get_hw_devices xc7a35t_0]
refresh_hw_device -update_hw_probes false [lindex [get_hw_devices xc7a35t_0] 0]
INFO: [Labtools 27-1434] Device xc7a35t (JTAG device index = 0) is programmed with a design that has no supported debug core(s) in it.
set_property PROBES.FILE {} [get_hw_devices xc7a35t_0]
set_property FULL_PROBES.FILE {} [get_hw_devices xc7a35t_0]
set_property PROGRAM.FILE {C:/Users/bradl/Dropbox/Documents/CSE_100/Lab7/Lab7/Lab7.runs/impl_1/topLevel.bit} [get_hw_devices xc7a35t_0]
program_hw_devices [get_hw_devices xc7a35t_0]
INFO: [Labtools 27-3164] End of startup status: HIGH
refresh_hw_device [lindex [get_hw_devices xc7a35t_0] 0]
INFO: [Labtools 27-1434] Device xc7a35t (JTAG device index = 0) is programmed with a design that has no supported debug core(s) in it.
close_hw
close_sim
INFO: [Simtcl 6-16] Simulation closed
reset_run synth_1
launch_runs synth_1 -jobs 6
[Mon May 30 17:47:47 2022] Launched synth_1...
Run output will be captured here: C:/Users/bradl/Dropbox/Documents/CSE_100/Lab7/Lab7/Lab7.runs/synth_1/runme.log
reset_run synth_1
launch_runs synth_1 -jobs 6
[Mon May 30 17:48:57 2022] Launched synth_1...
Run output will be captured here: C:/Users/bradl/Dropbox/Documents/CSE_100/Lab7/Lab7/Lab7.runs/synth_1/runme.log
launch_runs impl_1 -jobs 6
[Mon May 30 17:49:43 2022] Launched impl_1...
Run output will be captured here: C:/Users/bradl/Dropbox/Documents/CSE_100/Lab7/Lab7/Lab7.runs/impl_1/runme.log
launch_runs impl_1 -to_step write_bitstream -jobs 6
[Mon May 30 17:50:55 2022] Launched impl_1...
Run output will be captured here: C:/Users/bradl/Dropbox/Documents/CSE_100/Lab7/Lab7/Lab7.runs/impl_1/runme.log
open_hw
connect_hw_server
INFO: [Labtools 27-2285] Connecting to hw_server url TCP:localhost:3121
INFO: [Labtools 27-2222] Launching hw_server...
INFO: [Labtools 27-2221] Launch Output:

****** Xilinx hw_server v2019.1
  **** Build date : May 24 2019 at 15:13:31
    ** Copyright 1986-2019 Xilinx, Inc. All Rights Reserved.


open_hw_target
INFO: [Labtoolstcl 44-466] Opening hw_target localhost:3121/xilinx_tcf/Digilent/210183ACAA86A
set_property PROGRAM.FILE {C:/Users/bradl/Dropbox/Documents/CSE_100/Lab7/Lab7/Lab7.runs/impl_1/topLevel.bit} [get_hw_devices xc7a35t_0]
current_hw_device [get_hw_devices xc7a35t_0]
refresh_hw_device -update_hw_probes false [lindex [get_hw_devices xc7a35t_0] 0]
INFO: [Labtools 27-1434] Device xc7a35t (JTAG device index = 0) is programmed with a design that has no supported debug core(s) in it.
set_property PROBES.FILE {} [get_hw_devices xc7a35t_0]
set_property FULL_PROBES.FILE {} [get_hw_devices xc7a35t_0]
set_property PROGRAM.FILE {C:/Users/bradl/Dropbox/Documents/CSE_100/Lab7/Lab7/Lab7.runs/impl_1/topLevel.bit} [get_hw_devices xc7a35t_0]
program_hw_devices [get_hw_devices xc7a35t_0]
INFO: [Labtools 27-3164] End of startup status: HIGH
refresh_hw_device [lindex [get_hw_devices xc7a35t_0] 0]
INFO: [Labtools 27-1434] Device xc7a35t (JTAG device index = 0) is programmed with a design that has no supported debug core(s) in it.
reset_run synth_1
launch_runs synth_1 -jobs 6
[Mon May 30 17:56:07 2022] Launched synth_1...
Run output will be captured here: C:/Users/bradl/Dropbox/Documents/CSE_100/Lab7/Lab7/Lab7.runs/synth_1/runme.log
launch_runs impl_1 -jobs 6
[Mon May 30 17:56:56 2022] Launched impl_1...
Run output will be captured here: C:/Users/bradl/Dropbox/Documents/CSE_100/Lab7/Lab7/Lab7.runs/impl_1/runme.log
launch_runs impl_1 -to_step write_bitstream -jobs 6
[Mon May 30 17:58:09 2022] Launched impl_1...
Run output will be captured here: C:/Users/bradl/Dropbox/Documents/CSE_100/Lab7/Lab7/Lab7.runs/impl_1/runme.log
set_property PROBES.FILE {} [get_hw_devices xc7a35t_0]
set_property FULL_PROBES.FILE {} [get_hw_devices xc7a35t_0]
set_property PROGRAM.FILE {C:/Users/bradl/Dropbox/Documents/CSE_100/Lab7/Lab7/Lab7.runs/impl_1/topLevel.bit} [get_hw_devices xc7a35t_0]
program_hw_devices [get_hw_devices xc7a35t_0]
INFO: [Labtools 27-3164] End of startup status: HIGH
refresh_hw_device [lindex [get_hw_devices xc7a35t_0] 0]
INFO: [Labtools 27-1434] Device xc7a35t (JTAG device index = 0) is programmed with a design that has no supported debug core(s) in it.
reset_run synth_1
launch_runs synth_1 -jobs 6
[Mon May 30 18:04:21 2022] Launched synth_1...
Run output will be captured here: C:/Users/bradl/Dropbox/Documents/CSE_100/Lab7/Lab7/Lab7.runs/synth_1/runme.log
launch_runs impl_1 -jobs 6
[Mon May 30 18:05:09 2022] Launched impl_1...
Run output will be captured here: C:/Users/bradl/Dropbox/Documents/CSE_100/Lab7/Lab7/Lab7.runs/impl_1/runme.log
launch_runs impl_1 -to_step write_bitstream -jobs 6
[Mon May 30 18:06:19 2022] Launched impl_1...
Run output will be captured here: C:/Users/bradl/Dropbox/Documents/CSE_100/Lab7/Lab7/Lab7.runs/impl_1/runme.log
open_run impl_1
INFO: [Device 21-403] Loading part xc7a35tcpg236-1
INFO: [Netlist 29-17] Analyzing 49 Unisim elements for replacement
INFO: [Netlist 29-28] Unisim Transformation completed in 0 CPU seconds
INFO: [Project 1-479] Netlist was created with Vivado 2019.1
INFO: [Project 1-570] Preparing netlist for logic optimization
INFO: [Timing 38-478] Restoring timing data from binary archive.
INFO: [Timing 38-479] Binary timing data restore complete.
INFO: [Project 1-856] Restoring constraints from binary archive.
INFO: [Project 1-853] Binary constraint restore complete.
Reading XDEF placement.
Reading placer database...
Reading XDEF routing.
Read XDEF File: Time (s): cpu = 00:00:00 ; elapsed = 00:00:00.093 . Memory (MB): peak = 2899.926 ; gain = 0.000
Restored from archive | CPU: 0.000000 secs | Memory: 0.000000 MB |
Finished XDEF File Restore: Time (s): cpu = 00:00:00 ; elapsed = 00:00:00.093 . Memory (MB): peak = 2899.926 ; gain = 0.000
Netlist sorting complete. Time (s): cpu = 00:00:00 ; elapsed = 00:00:00.001 . Memory (MB): peak = 2899.926 ; gain = 0.000
INFO: [Project 1-111] Unisim Transformation Summary:
No Unisim elements were transformed.

open_run: Time (s): cpu = 00:00:29 ; elapsed = 00:00:25 . Memory (MB): peak = 3014.000 ; gain = 1003.809
close_design
set_property PROBES.FILE {} [get_hw_devices xc7a35t_0]
set_property FULL_PROBES.FILE {} [get_hw_devices xc7a35t_0]
set_property PROGRAM.FILE {C:/Users/bradl/Dropbox/Documents/CSE_100/Lab7/Lab7/Lab7.runs/impl_1/topLevel.bit} [get_hw_devices xc7a35t_0]
program_hw_devices [get_hw_devices xc7a35t_0]
INFO: [Labtools 27-3164] End of startup status: HIGH
refresh_hw_device [lindex [get_hw_devices xc7a35t_0] 0]
INFO: [Labtools 27-1434] Device xc7a35t (JTAG device index = 0) is programmed with a design that has no supported debug core(s) in it.
reset_run synth_1
launch_runs synth_1 -jobs 6
[Mon May 30 18:09:26 2022] Launched synth_1...
Run output will be captured here: C:/Users/bradl/Dropbox/Documents/CSE_100/Lab7/Lab7/Lab7.runs/synth_1/runme.log
launch_runs impl_1 -jobs 6
[Mon May 30 18:10:38 2022] Launched impl_1...
Run output will be captured here: C:/Users/bradl/Dropbox/Documents/CSE_100/Lab7/Lab7/Lab7.runs/impl_1/runme.log
launch_runs impl_1 -to_step write_bitstream -jobs 6
[Mon May 30 18:11:47 2022] Launched impl_1...
Run output will be captured here: C:/Users/bradl/Dropbox/Documents/CSE_100/Lab7/Lab7/Lab7.runs/impl_1/runme.log
set_property PROBES.FILE {} [get_hw_devices xc7a35t_0]
set_property FULL_PROBES.FILE {} [get_hw_devices xc7a35t_0]
set_property PROGRAM.FILE {C:/Users/bradl/Dropbox/Documents/CSE_100/Lab7/Lab7/Lab7.runs/impl_1/topLevel.bit} [get_hw_devices xc7a35t_0]
program_hw_devices [get_hw_devices xc7a35t_0]
INFO: [Labtools 27-3164] End of startup status: HIGH
refresh_hw_device [lindex [get_hw_devices xc7a35t_0] 0]
INFO: [Labtools 27-1434] Device xc7a35t (JTAG device index = 0) is programmed with a design that has no supported debug core(s) in it.
reset_run synth_1
launch_runs synth_1 -jobs 6
[Mon May 30 18:13:49 2022] Launched synth_1...
Run output will be captured here: C:/Users/bradl/Dropbox/Documents/CSE_100/Lab7/Lab7/Lab7.runs/synth_1/runme.log
launch_runs impl_1 -jobs 6
[Mon May 30 18:14:37 2022] Launched impl_1...
Run output will be captured here: C:/Users/bradl/Dropbox/Documents/CSE_100/Lab7/Lab7/Lab7.runs/impl_1/runme.log
launch_runs impl_1 -to_step write_bitstream -jobs 6
[Mon May 30 18:15:54 2022] Launched impl_1...
Run output will be captured here: C:/Users/bradl/Dropbox/Documents/CSE_100/Lab7/Lab7/Lab7.runs/impl_1/runme.log
set_property PROBES.FILE {} [get_hw_devices xc7a35t_0]
set_property FULL_PROBES.FILE {} [get_hw_devices xc7a35t_0]
set_property PROGRAM.FILE {C:/Users/bradl/Dropbox/Documents/CSE_100/Lab7/Lab7/Lab7.runs/impl_1/topLevel.bit} [get_hw_devices xc7a35t_0]
program_hw_devices [get_hw_devices xc7a35t_0]
INFO: [Labtools 27-3164] End of startup status: HIGH
refresh_hw_device [lindex [get_hw_devices xc7a35t_0] 0]
INFO: [Labtools 27-1434] Device xc7a35t (JTAG device index = 0) is programmed with a design that has no supported debug core(s) in it.
close_hw
export_ip_user_files -of_objects  [get_files C:/Users/bradl/Dropbox/Documents/CSE_100/Lab7/Lab7/Lab7.srcs/sources_1/new/countUD12L.v] -no_script -reset -force -quiet
remove_files  C:/Users/bradl/Dropbox/Documents/CSE_100/Lab7/Lab7/Lab7.srcs/sources_1/new/countUD12L.v
reset_run synth_1
launch_runs synth_1 -jobs 6
[Mon May 30 18:25:11 2022] Launched synth_1...
Run output will be captured here: C:/Users/bradl/Dropbox/Documents/CSE_100/Lab7/Lab7/Lab7.runs/synth_1/runme.log
launch_runs impl_1 -jobs 6
[Mon May 30 18:25:57 2022] Launched impl_1...
Run output will be captured here: C:/Users/bradl/Dropbox/Documents/CSE_100/Lab7/Lab7/Lab7.runs/impl_1/runme.log
launch_runs impl_1 -to_step write_bitstream -jobs 6
[Mon May 30 18:27:03 2022] Launched impl_1...
Run output will be captured here: C:/Users/bradl/Dropbox/Documents/CSE_100/Lab7/Lab7/Lab7.runs/impl_1/runme.log
open_hw
connect_hw_server
INFO: [Labtools 27-2285] Connecting to hw_server url TCP:localhost:3121
INFO: [Labtools 27-2222] Launching hw_server...
INFO: [Labtools 27-2221] Launch Output:

****** Xilinx hw_server v2019.1
  **** Build date : May 24 2019 at 15:13:31
    ** Copyright 1986-2019 Xilinx, Inc. All Rights Reserved.


open_hw_target
INFO: [Labtoolstcl 44-466] Opening hw_target localhost:3121/xilinx_tcf/Digilent/210183ACAA86A
set_property PROGRAM.FILE {C:/Users/bradl/Dropbox/Documents/CSE_100/Lab7/Lab7/Lab7.runs/impl_1/topLevel.bit} [get_hw_devices xc7a35t_0]
current_hw_device [get_hw_devices xc7a35t_0]
refresh_hw_device -update_hw_probes false [lindex [get_hw_devices xc7a35t_0] 0]
INFO: [Labtools 27-1434] Device xc7a35t (JTAG device index = 0) is programmed with a design that has no supported debug core(s) in it.
set_property PROBES.FILE {} [get_hw_devices xc7a35t_0]
set_property FULL_PROBES.FILE {} [get_hw_devices xc7a35t_0]
set_property PROGRAM.FILE {C:/Users/bradl/Dropbox/Documents/CSE_100/Lab7/Lab7/Lab7.runs/impl_1/topLevel.bit} [get_hw_devices xc7a35t_0]
program_hw_devices [get_hw_devices xc7a35t_0]
INFO: [Labtools 27-3164] End of startup status: HIGH
refresh_hw_device [lindex [get_hw_devices xc7a35t_0] 0]
INFO: [Labtools 27-1434] Device xc7a35t (JTAG device index = 0) is programmed with a design that has no supported debug core(s) in it.
archive_project C:/Users/bradl/Dropbox/Documents/CSE_100/Lab7/Lab7.xpr.zip -temp_dir C:/Users/bradl/AppData/Roaming/Xilinx/Vivado/.Xil/Vivado-20216-Envy -force -include_local_ip_cache
INFO: [Coretcl 2-137] starting archive...
INFO: [Coretcl 2-1499] Saving project copy to temporary location 'C:/Users/bradl/AppData/Roaming/Xilinx/Vivado/.Xil/Vivado-20216-Envy' for archiving project
Scanning sources...
Finished scanning sources
INFO: [Coretcl 2-1211] Creating project copy for archival...
INFO: [Coretcl 2-1213] Including run results for 'synth_1'
INFO: [Coretcl 2-1213] Including run results for 'impl_1'
