INFO: [VRFC 10-2263] Analyzing Verilog file "C:/Users/bradl/Dropbox/Documents/CSE_100/Lab7/Lab7/Lab7.srcs/sources_1/new/LFSR.v" into library xil_defaultlib
INFO: [VRFC 10-311] analyzing module LFSR
INFO: [VRFC 10-2263] Analyzing Verilog file "C:/Users/bradl/Dropbox/Documents/CSE_100/Lab7/Lab7/Lab7.srcs/sources_1/new/QSEC.v" into library xil_defaultlib
INFO: [VRFC 10-311] analyzing module QSEC
INFO: [VRFC 10-2263] Analyzing Verilog file "C:/Users/bradl/Dropbox/Documents/CSE_100/Lab7/Lab7/Lab7.srcs/sources_1/new/Timer.v" into library xil_defaultlib
INFO: [VRFC 10-311] analyzing module Timer
INFO: [VRFC 10-2263] Analyzing Verilog file "C:/Users/bradl/Dropbox/Documents/CSE_100/Lab7/Lab7/Lab7.srcs/sources_1/new/colorSelector.v" into library xil_defaultlib
INFO: [VRFC 10-311] analyzing module colorSelector
INFO: [VRFC 10-2263] Analyzing Verilog file "C:/Users/bradl/Dropbox/Documents/CSE_100/Lab7/Lab7/Lab7.srcs/sources_1/new/coordinateGenerator.v" into library xil_defaultlib
INFO: [VRFC 10-311] analyzing module coordinateGenerator
INFO: [VRFC 10-2263] Analyzing Verilog file "C:/Users/bradl/Dropbox/Documents/CSE_100/Lab7/Lab7/Lab7.srcs/sources_1/new/countUD2L.v" into library xil_defaultlib
INFO: [VRFC 10-311] analyzing module countUD2L
INFO: [VRFC 10-2263] Analyzing Verilog file "C:/Users/bradl/Dropbox/Documents/CSE_100/Lab7/Lab7/Lab7.srcs/sources_1/new/countUD4L.v" into library xil_defaultlib
INFO: [VRFC 10-311] analyzing module countUD4L
INFO: [VRFC 10-2263] Analyzing Verilog file "C:/Users/bradl/Dropbox/Documents/CSE_100/Lab7/Lab7/Lab7.srcs/sources_1/new/fourBitCounter.v" into library xil_defaultlib
INFO: [VRFC 10-311] analyzing module fourBitCounter
INFO: [VRFC 10-2263] Analyzing Verilog file "C:/Users/bradl/Dropbox/Documents/CSE_100/Lab7/Lab7/Lab7.srcs/sources_1/new/frog.v" into library xil_defaultlib
INFO: [VRFC 10-311] analyzing module frog
INFO: [VRFC 10-2263] Analyzing Verilog file "C:/Users/bradl/Dropbox/Documents/CSE_100/Lab7/Lab7/Lab7.srcs/sources_1/new/frogCounter.v" into library xil_defaultlib
INFO: [VRFC 10-311] analyzing module frogCounter
INFO: [VRFC 10-2263] Analyzing Verilog file "C:/Users/bradl/Dropbox/Documents/CSE_100/Lab7/Lab7/Lab7.srcs/sources_1/new/frogJump.v" into library xil_defaultlib
INFO: [VRFC 10-311] analyzing module frogJump
INFO: [VRFC 10-2263] Analyzing Verilog file "C:/Users/bradl/Dropbox/Documents/CSE_100/Lab7/Lab7/Lab7.srcs/sources_1/new/hex7seg.v" into library xil_defaultlib
INFO: [VRFC 10-311] analyzing module hex7seg
INFO: [VRFC 10-2263] Analyzing Verilog file "C:/Users/bradl/Dropbox/Documents/CSE_100/Lab7/Lab7/Lab7.srcs/sources_1/new/lab7_clks.v" into library xil_defaultlib
INFO: [VRFC 10-311] analyzing module lab7_clks
INFO: [VRFC 10-311] analyzing module clk_wiz_0
INFO: [VRFC 10-311] analyzing module clkcntrl4
INFO: [VRFC 10-311] analyzing module FTCE_MXILINX_clkcntrl4
INFO: [VRFC 10-311] analyzing module CB4CE_MXILINX_clkcntrl4
INFO: [VRFC 10-2263] Analyzing Verilog file "C:/Users/bradl/Dropbox/Documents/CSE_100/Lab7/Lab7/Lab7.srcs/sources_1/new/m8_1.v" into library xil_defaultlib
INFO: [VRFC 10-311] analyzing module m8_1
INFO: [VRFC 10-2263] Analyzing Verilog file "C:/Users/bradl/Dropbox/Documents/CSE_100/Lab7/Lab7/Lab7.srcs/sources_1/new/plantCounter.v" into library xil_defaultlib
INFO: [VRFC 10-311] analyzing module plantCounter
INFO: [VRFC 10-2263] Analyzing Verilog file "C:/Users/bradl/Dropbox/Documents/CSE_100/Lab7/Lab7/Lab7.srcs/sources_1/new/plantRandomizer.v" into library xil_defaultlib
INFO: [VRFC 10-311] analyzing module plantRandomizer
INFO: [VRFC 10-2263] Analyzing Verilog file "C:/Users/bradl/Dropbox/Documents/CSE_100/Lab7/Lab7/Lab7.srcs/sources_1/new/plants.v" into library xil_defaultlib
INFO: [VRFC 10-311] analyzing module plants
INFO: [VRFC 10-2263] Analyzing Verilog file "C:/Users/bradl/Dropbox/Documents/CSE_100/Lab7/Lab7/Lab7.srcs/sources_1/new/ringCounter.v" into library xil_defaultlib
INFO: [VRFC 10-311] analyzing module ringCounter
INFO: [VRFC 10-2263] Analyzing Verilog file "C:/Users/bradl/Dropbox/Documents/CSE_100/Lab7/Lab7/Lab7.srcs/sources_1/new/selector.v" into library xil_defaultlib
INFO: [VRFC 10-311] analyzing module selector
INFO: [VRFC 10-2263] Analyzing Verilog file "C:/Users/bradl/Dropbox/Documents/CSE_100/Lab7/Lab7/Lab7.srcs/sources_1/new/stateMachine.v" into library xil_defaultlib
INFO: [VRFC 10-311] analyzing module stateMachine
INFO: [VRFC 10-2263] Analyzing Verilog file "C:/Users/bradl/Dropbox/Documents/CSE_100/Lab7/Lab7/Lab7.srcs/sources_1/new/timerCounter.v" into library xil_defaultlib
INFO: [VRFC 10-311] analyzing module scoreCounter
INFO: [VRFC 10-2263] Analyzing Verilog file "C:/Users/bradl/Dropbox/Documents/CSE_100/Lab7/Lab7/Lab7.srcs/sources_1/new/topLevel.v" into library xil_defaultlib
INFO: [VRFC 10-311] analyzing module topLevel
INFO: [VRFC 10-2263] Analyzing Verilog file "C:/Users/bradl/Dropbox/Documents/CSE_100/Lab7/Lab7/Lab7.srcs/sources_1/new/water.v" into library xil_defaultlib
INFO: [VRFC 10-311] analyzing module water
INFO: [VRFC 10-2263] Analyzing Verilog file "C:/Users/bradl/Dropbox/Documents/CSE_100/Lab7/Lab7/Lab7.srcs/sim_1/new/mySim.v" into library xil_defaultlib
INFO: [VRFC 10-311] analyzing module mySim
