Copyright 1986-2019 Xilinx, Inc. All Rights Reserved.
-------------------------------------------------------------------------------------
| Tool Version : Vivado v.2019.1 (win64) Build 2552052 Fri May 24 14:49:42 MDT 2019
| Date         : Mon May 30 18:26:34 2022
| Host         : Envy running 64-bit major release  (build 9200)
| Command      : report_control_sets -verbose -file topLevel_control_sets_placed.rpt
| Design       : topLevel
| Device       : xc7a35t
-------------------------------------------------------------------------------------

Control Set Information

Table of Contents
-----------------
1. Summary
2. Histogram
3. Flip-Flop Distribution
4. Detailed Control Set Information

1. Summary
----------

+----------------------------------------------------------+-------+
|                          Status                          | Count |
+----------------------------------------------------------+-------+
| Total control sets                                       |    32 |
|    Minimum number of control sets                        |    32 |
|    Addition due to synthesis replication                 |     0 |
|    Addition due to physical synthesis replication        |     0 |
| Unused register locations in slices containing registers |   160 |
+----------------------------------------------------------+-------+
* Control sets can be merged at opt_design using control_set_merge or merge_equivalent_drivers
** Run report_qor_suggestions for automated merging and remapping suggestions


2. Histogram
------------

+--------------------+-------+
|       Fanout       | Count |
+--------------------+-------+
| Total control sets |    32 |
| >= 0 to < 4        |    13 |
| >= 4 to < 6        |    13 |
| >= 6 to < 8        |     0 |
| >= 8 to < 10       |     4 |
| >= 10 to < 12      |     0 |
| >= 12 to < 14      |     0 |
| >= 14 to < 16      |     0 |
| >= 16              |     2 |
+--------------------+-------+
* Control sets can be remapped at either synth_design or opt_design


3. Flip-Flop Distribution
-------------------------

+--------------+-----------------------+------------------------+-----------------+--------------+
| Clock Enable | Synchronous Set/Reset | Asynchronous Set/Reset | Total Registers | Total Slices |
+--------------+-----------------------+------------------------+-----------------+--------------+
| No           | No                    | No                     |               4 |            2 |
| No           | No                    | Yes                    |               0 |            0 |
| No           | Yes                   | No                     |              28 |           13 |
| Yes          | No                    | No                     |              12 |            7 |
| Yes          | No                    | Yes                    |               0 |            0 |
| Yes          | Yes                   | No                     |             124 |           53 |
+--------------+-----------------------+------------------------+-----------------+--------------+


4. Detailed Control Set Information
-----------------------------------

+------------------------------+-----------------------------------------+-----------------------------+------------------+----------------+
|         Clock Signal         |              Enable Signal              |       Set/Reset Signal      | Slice Load Count | Bel Load Count |
+------------------------------+-----------------------------------------+-----------------------------+------------------+----------------+
|  not_so_slow/slowclk/clk_out | states/CE0                              | reset                       |                1 |              1 |
|  not_so_slow/slowclk/clk_out |                                         | coords/h4/reset00_out       |                1 |              2 |
|  not_so_slow/slowclk/clk_out | clock/count0/CE0                        | states/reset0               |                1 |              2 |
|  not_so_slow/slowclk/clk_out | coords/h0/utc_0                         | coords/h4/reset00_out       |                1 |              2 |
|  not_so_slow/slowclk/clk_out | coords/h2/p_13_in                       | coords/h4/reset00_out       |                1 |              2 |
|  not_so_slow/slowclk/clk_out | coords/h1/p_12_in                       | coords/h4/reset00_out       |                1 |              2 |
|  not_so_slow/slowclk/clk_out | coords/h3/up_4                          | coords/h4/reset00_out       |                1 |              2 |
|  not_so_slow/slowclk/clk_out | coords/h4/resetH                        | coords/v0/reset0            |                1 |              2 |
|  not_so_slow/slowclk/clk_out | coords/v0/p_6_in7_in                    | coords/v0/reset0            |                1 |              2 |
|  not_so_slow/slowclk/clk_out | coords/v1/p_8_in9_in                    | coords/v0/reset0            |                1 |              2 |
|  not_so_slow/slowclk/clk_out | coords/v2/up_8                          | coords/v0/reset0            |                2 |              2 |
|  not_so_slow/slowclk/clk_out | coords/v2/p_10_in11_in                  | coords/v0/reset0            |                2 |              2 |
|  not_so_slow/slowclk/clk_out | jumpcontrol/counter/count0/CE0          | reset                       |                1 |              2 |
|  not_so_slow/slowclk/clk_out |                                         |                             |                2 |              4 |
|  not_so_slow/slowclk/clk_out | not_so_slow/slowclk/XLXI_40/CEO         |                             |                3 |              4 |
|  not_so_slow/slowclk/clk_out | coords/v0/frame                         | clock/count0/q_3_i_1__5_n_0 |                2 |              4 |
|  not_so_slow/slowclk/clk_out | not_so_slow/slowclk/XLXI_38/I_36_31_n_0 |                             |                2 |              4 |
|  not_so_slow/slowclk/clk_out | jumpcontrol/counter/count0/enable_2     | reset                       |                2 |              4 |
|  not_so_slow/slowclk/clk_out | jumpcontrol/counter/count0/enable       | reset                       |                1 |              4 |
|  not_so_slow/slowclk/clk_out | states/CE0                              | states/reset0               |                1 |              4 |
|  not_so_slow/slowclk/clk_out | states/CE0_1                            | states/reset0               |                1 |              4 |
|  not_so_slow/slowclk/clk_out | states/CE0_0                            | states/reset0               |                2 |              4 |
|  not_so_slow/slowclk/clk_out | score/full0/CE0_0                       | states/reset0               |                2 |              4 |
|  not_so_slow/slowclk/clk_out | score/full1/CE0                         | states/reset0               |                1 |              4 |
|  not_so_slow/slowclk/clk_out | not_so_slow/slowclk/XLXI_45/CEO         | reset                       |                1 |              4 |
|  not_so_slow/slowclk/clk_out | not_so_slow/slowclk/XLXI_39/CEO         |                             |                2 |              4 |
|  not_so_slow/slowclk/clk_out | plantcount2/i6_0                        | reset                       |                3 |              8 |
|  not_so_slow/slowclk/clk_out | plantcount2/count0[0]                   | reset                       |                4 |              9 |
|  not_so_slow/slowclk/clk_out | plantcount0/count0[0]                   | reset                       |                3 |              9 |
|  not_so_slow/slowclk/clk_out | plantcount1/count0[0]                   | reset                       |                4 |              9 |
|  not_so_slow/slowclk/clk_out |                                         | reset                       |               12 |             26 |
|  not_so_slow/slowclk/clk_out | coords/v0/frame                         | reset                       |               12 |             30 |
+------------------------------+-----------------------------------------+-----------------------------+------------------+----------------+


